// Jest Snapshot v1, https://goo.gl/fbAQLP

exports[`<ComposeFlashcard /> spec assert component matches snapshot 1`] = `
<DocumentFragment>
  <div
    class="ComposeFlashcard sc-bxivhb brNQUz"
  >
    <div
      class="ComposeFlashcard__input sc-ifAKCX jbQeev"
    >
      <textarea
        class="ComposeFlashcard__input--text"
        data-testid="question-text"
      />
    </div>
    <button
      class="sc-bwzfXH ComposeFlashcard__button-toggle sc-EHOje dYtATZ"
      type="button"
    >
      SHOW ANSWER
    </button>
  </div>
</DocumentFragment>
`;
